============================= test session starts =============================
platform win32 -- Python 3.13.5, pytest-9.0.2, pluggy-1.6.0
rootdir: C:\Users\alexe\git\telegram-writing-assistant
configfile: pyproject.toml
plugins: anyio-4.12.1, asyncio-1.3.0
asyncio: mode=Mode.AUTO, debug=False, asyncio_default_fixture_loop_scope=None, asyncio_default_test_loop_scope=function
collected 1 item

tests_integration\test_message_queue.py [telegram poster] Started, interval: 2.0s
[telegram poster] Queued SYNC (total: 1, queue: 0): 📖 Reading: `message1.md`...
[telegram poster] Queued SYNC (total: 2, queue: 1): 📖 Reading: `message2.md`...
[telegram poster] Queued SYNC (total: 3, queue: 2): 📖 Reading: `message3.md`...
[telegram poster] Queued SYNC (total: 4, queue: 3): ✏️  Editing: `summary.md`...
[telegram poster] Queued SYNC (total: 5, queue: 4): 💻 Running: `git add ....`...
[telegram poster] Queued SYNC (total: 6, queue: 5): 💻 Running: `git commit -m Update articles...`...
[telegram poster] Queued SYNC (total: 7, queue: 6): ✍️  Writing: `summary_test.md`...
[telegram poster] Sending batch of 7 messages as ONE (queue: 0 remaining)
[telegram poster] >>> SENDING: 📖 Reading: `message1.md`
📖 Reading: `message2.md`
📖 Reading: `message3.md`
✏️  Editing: `summary.md`...
[telegram poster] >>> SENT OK (203 chars)
[telegram poster] Stopped. Total sent: 7
F